// Jest Snapshot v1, https://jestjs.io/docs/snapshot-testing

exports[`Home should match snapshot 1`] = `
<div>
  <div
    class="bg-base-200 flex h-screen flex-col items-center py-0 md:min-h-screen md:py-10"
  >
    <div
      class="bg-base-100 h-screen w-full max-w-md rounded-none p-6 shadow-lg md:h-auto md:rounded-2xl"
    >
      <h1
        class="mb-4 text-center text-2xl font-bold"
      >
        Tasks
      </h1>
      <div
        class="mb-4 flex gap-2"
      >
        <input
          class="input input-bordered flex-1"
          placeholder="Add a new task"
          type="text"
          value=""
        />
        <button
          class="btn btn-primary"
        >
          <svg
            fill="currentColor"
            height="1em"
            stroke="currentColor"
            stroke-width="0"
            viewBox="0 0 256 256"
            width="1em"
            xmlns="http://www.w3.org/2000/svg"
          >
            <path
              d="M224,128a8,8,0,0,1-8,8H136v80a8,8,0,0,1-16,0V136H40a8,8,0,0,1,0-16h80V40a8,8,0,0,1,16,0v80h80A8,8,0,0,1,224,128Z"
            />
          </svg>
        </button>
      </div>
      <ul
        class="space-y-2"
      />
      <p
        class="mt-4 text-center text-gray-500"
      >
        No tasks yet!
      </p>
    </div>
  </div>
</div>
`;
